[www.enableds.com/products/slidebox/left-sidebar/index.html]
[backblue.gif]
[fade.gif]
[index.html]
[www.enableds.com/products/slidebox/left-sidebar/images/splash/splash-icon.png]
[www.enableds.com/products/slidebox/left-sidebar/images/splash/splash-icon-big.png]
[www.enableds.com/products/slidebox/left-sidebar/images/splash/splash-screen.png]
[www.enableds.com/products/slidebox/left-sidebar/images/splash/splash-screen@2x.png]
[www.enableds.com/products/slidebox/left-sidebar/images/splash/splash-screen-six.png]
[www.enableds.com/products/slidebox/left-sidebar/images/splash/splash-screen-six-plus.png]
[www.enableds.com/products/slidebox/left-sidebar/images/splash/splash-screen@3x.png]
[www.enableds.com/products/slidebox/left-sidebar/images/splash/splash-screen-ipad-landscape.8.delayed]
[www.enableds.com/products/slidebox/left-sidebar/images/splash/splash-screen-ipad-portrait.png]
[www.enableds.com/products/slidebox/left-sidebar/images/splash/splash-screen-ipad-portrait-retina.png]
[www.enableds.com/products/slidebox/left-sidebar/images/splash/splash-screen-ipad-landscape-retina.png]
[www.enableds.com/products/slidebox/left-sidebar/scripts/jquery.js]
[www.enableds.com/products/slidebox/left-sidebar/scripts/jqueryui.js]
[www.enableds.com/products/slidebox/left-sidebar/scripts/framework.plugins.js]
[www.enableds.com/products/slidebox/left-sidebar/scripts/custom.js]
[www.enableds.com/products/slidebox/left-sidebar/features-type.html]
[www.enableds.com/products/slidebox/left-sidebar/features-jquery.html]
[www.enableds.com/products/slidebox/left-sidebar/features-others.html]
[www.enableds.com/products/slidebox/left-sidebar/portfolio-adaptive.html]
[www.enableds.com/products/slidebox/left-sidebar/portfolio-one.html]
[www.enableds.com/products/slidebox/left-sidebar/portfolio-two.html]
[www.enableds.com/products/slidebox/left-sidebar/gallery-square.html]
[www.enableds.com/products/slidebox/left-sidebar/gallery-round.html]
[www.enableds.com/products/slidebox/left-sidebar/gallery-wide.html]
[www.enableds.com/products/slidebox/left-sidebar/page-error.html]
[www.enableds.com/products/slidebox/left-sidebar/page-soon.html]
[www.enableds.com/products/slidebox/left-sidebar/page-timeline.html]
[www.enableds.com/products/slidebox/left-sidebar/index2.html]
[www.enableds.com/products/slidebox/left-sidebar/page-updates.html]
[www.enableds.com/products/slidebox/left-sidebar/pageapp-login.html]
[www.enableds.com/products/slidebox/left-sidebar/pageapp-sigin.html]
[www.enableds.com/products/slidebox/left-sidebar/pageapp-coverpage.html]
[www.enableds.com/products/slidebox/left-sidebar/pageapp-userlist.html]
[www.enableds.com/products/slidebox/left-sidebar/pageapp-calendar.html]
[www.enableds.com/products/slidebox/left-sidebar/pageapp-activity.html]
[www.enableds.com/products/slidebox/left-sidebar/pageapp-bubbles.html]
[www.enableds.com/products/slidebox/left-sidebar/pageapp-shareboxes.html]
[www.enableds.com/products/slidebox/left-sidebar/page-video.html]
[www.enableds.com/products/slidebox/left-sidebar/page-blog.html]
[www.enableds.com/products/slidebox/left-sidebar/contact.html]
[www.enableds.com/products/slidebox/left-sidebar/images/pictures/3.jpg]
[www.enableds.com/products/slidebox/left-sidebar/images/pictures/5.jpg]
[www.enableds.com/products/slidebox/left-sidebar/images/pictures/6.jpg]
[www.enableds.com/products/slidebox/left-sidebar/images/pictures/5w.jpg]
[www.enableds.com/products/slidebox/left-sidebar/images/pictures/1s.jpg]
[www.enableds.com/products/slidebox/left-sidebar/images/pictures/2s.jpg]
[www.enableds.com/products/slidebox/left-sidebar/images/pictures/3s.jpg]
[www.enableds.com/products/slidebox/left-sidebar/images/pictures/4s.jpg]
[www.enableds.com/products/slidebox/left-sidebar/images/pictures/6w.jpg]
[www.enableds.com/products/slidebox/left-sidebar/images/pictures/5s.jpg]
[www.enableds.com/products/slidebox/left-sidebar/images/pictures/6s.jpg]
[www.enableds.com/products/slidebox/left-sidebar/images/pictures/7w.jpg]
[www.enableds.com/products/slidebox/left-sidebar/images/mobile1.png]
[www.enableds.com/products/slidebox/left-sidebar/index.html]
[www.enableds.com/products/slidebox/left-sidebar/images/pictures/1.jpg]
[www.enableds.com/products/slidebox/left-sidebar/images/pictures/2.jpg]
[www.enableds.com/products/slidebox/left-sidebar/images/pictures/4.jpg]
[www.enableds.com/products/slidebox/left-sidebar/images/misc/menu-bg.png]
[www.enableds.com/products/slidebox/left-sidebar/images/misc/logo.png]
[www.enableds.com/products/slidebox/left-sidebar/images/misc/logo-big.png]
[www.enableds.com/products/slidebox/left-sidebar/styles/style.css]
[www.enableds.com/products/slidebox/left-sidebar/images/status.gif]
[www.enableds.com/products/slidebox/left-sidebar/images/lists/address_48.png]
[www.enableds.com/products/slidebox/left-sidebar/images/lists/block_48.png]
[www.enableds.com/products/slidebox/left-sidebar/images/lists/bookmark_48.png]
[www.enableds.com/products/slidebox/left-sidebar/images/lists/briefcase_48.png]
[www.enableds.com/products/slidebox/left-sidebar/images/lists/bubble_48.png]
[www.enableds.com/products/slidebox/left-sidebar/images/lists/buy_48.png]
[www.enableds.com/products/slidebox/left-sidebar/images/lists/calendar_48.png]
[www.enableds.com/products/slidebox/left-sidebar/images/lists/clipboard_48.png]
[www.enableds.com/products/slidebox/left-sidebar/images/lists/clock_48.png]
[www.enableds.com/products/slidebox/left-sidebar/images/lists/delete_48.png]
[www.enableds.com/products/slidebox/left-sidebar/images/lists/diagram_48.png]
[www.enableds.com/products/slidebox/left-sidebar/images/lists/document_48.png]
[www.enableds.com/products/slidebox/left-sidebar/images/lists/down_48.png]
[www.enableds.com/products/slidebox/left-sidebar/images/lists/flag_48.png]
[www.enableds.com/products/slidebox/left-sidebar/images/lists/folder_48.png]
[www.enableds.com/products/slidebox/left-sidebar/images/lists/gear_48.png]
[www.enableds.com/products/slidebox/left-sidebar/images/lists/globe_48.png]
[www.enableds.com/products/slidebox/left-sidebar/images/lists/heart_48.png]
[www.enableds.com/products/slidebox/left-sidebar/images/lists/help_48.png]
[www.enableds.com/products/slidebox/left-sidebar/images/lists/home_48.png]
[www.enableds.com/products/slidebox/left-sidebar/images/lists/info_48.png]
[www.enableds.com/products/slidebox/left-sidebar/images/lists/key_48.png]
[www.enableds.com/products/slidebox/left-sidebar/images/lists/label_48.png]
[www.enableds.com/products/slidebox/left-sidebar/images/lists/left_48.png]
[www.enableds.com/products/slidebox/left-sidebar/images/lists/letter_48.png]
[www.enableds.com/products/slidebox/left-sidebar/images/lists/monitor_48.png]
[www.enableds.com/products/slidebox/left-sidebar/images/lists/pencil_48.png]
[www.enableds.com/products/slidebox/left-sidebar/images/lists/plus_48.png]
[www.enableds.com/products/slidebox/left-sidebar/images/lists/present_48.png]
[www.enableds.com/products/slidebox/left-sidebar/images/lists/print_48.png]
[www.enableds.com/products/slidebox/left-sidebar/images/lists/right_48.png]
[www.enableds.com/products/slidebox/left-sidebar/images/lists/save_48.png]
[www.enableds.com/products/slidebox/left-sidebar/images/lists/search_48.png]
[www.enableds.com/products/slidebox/left-sidebar/images/lists/shield_48.png]
[www.enableds.com/products/slidebox/left-sidebar/images/lists/statistics_48.png]
[www.enableds.com/products/slidebox/left-sidebar/images/lists/stop_48.png]
[www.enableds.com/products/slidebox/left-sidebar/images/lists/tick_48.png]
[www.enableds.com/products/slidebox/left-sidebar/images/lists/trash_48.png]
[www.enableds.com/products/slidebox/left-sidebar/images/lists/up_48.png]
[www.enableds.com/products/slidebox/left-sidebar/images/lists/user_48.png]
[www.enableds.com/products/slidebox/left-sidebar/images/lists/wallet_48.png]
[www.enableds.com/products/slidebox/left-sidebar/images/lists/warning_48.png]
[www.enableds.com/products/slidebox/left-sidebar/images/ui/checkbox1.png]
[www.enableds.com/products/slidebox/left-sidebar/images/ui/checkbox1c.png]
[www.enableds.com/products/slidebox/left-sidebar/images/ui/checkbox2.png]
[www.enableds.com/products/slidebox/left-sidebar/images/ui/checkbox2c.png]
[www.enableds.com/products/slidebox/left-sidebar/images/ui/checkbox3.png]
[www.enableds.com/products/slidebox/left-sidebar/images/ui/checkbox3c.png]
[www.enableds.com/products/slidebox/left-sidebar/images/ui/radio1.png]
[www.enableds.com/products/slidebox/left-sidebar/images/ui/radio1c.png]
[www.enableds.com/products/slidebox/left-sidebar/images/ui/radio2.png]
[www.enableds.com/products/slidebox/left-sidebar/images/ui/radio2c.png]
[www.enableds.com/products/slidebox/left-sidebar/images/ui/plus.png]
[www.enableds.com/products/slidebox/left-sidebar/images/ui/minus.png]
[www.enableds.com/products/slidebox/left-sidebar/images/ui/arrow-down.png]
[www.enableds.com/products/slidebox/left-sidebar/images/ui/arrow-up.png]
[www.enableds.com/products/slidebox/left-sidebar/styles/framework.css]
[www.enableds.com/products/slidebox/left-sidebar/images/ui/grabbing.png]
[www.enableds.com/products/slidebox/left-sidebar/images/ui/next.7c.delayed]
[www.enableds.com/products/slidebox/left-sidebar/images/ui/prev.7d.delayed]
[www.enableds.com/products/slidebox/left-sidebar/images/ui/prev1.png]
[enableds.com/products/slidebox/left-sidebar/images/ui/next.html]
[enableds.com/products/slidebox/left-sidebar/images/ui/prev.html]
[www.enableds.com/products/slidebox/left-sidebar/images/ui/next1.png]
[www.enableds.com/products/slidebox/left-sidebar/styles/AjaxLoader.80.delayed]
[www.enableds.com/products/slidebox/left-sidebar/images/misc/arrow-right.81.delayed]
[enableds.com/products/slidebox/left-sidebar/styles/AjaxLoader.html]
[www.enableds.com/products/slidebox/left-sidebar/images/misc/arrow-left.82.delayed]
[www.enableds.com/products/slidebox/left-sidebar/styles/owl.theme.css]
[enableds.com/products/slidebox/left-sidebar/images/misc/arrow-right.html]
[www.enableds.com/products/slidebox/left-sidebar/images/gallery/loader.gif]
[www.enableds.com/products/slidebox/left-sidebar/images/gallery/icon3.png]
[www.enableds.com/products/slidebox/left-sidebar/styles/swipebox.css]
[www.enableds.com/products/slidebox/left-sidebar/fonts/fontawesome-webfonte0a5.eot]
[enableds.com/products/slidebox/left-sidebar/images/misc/arrow-left.html]
[www.enableds.com/products/slidebox/left-sidebar/fonts/fontawesome-webfontd41d.eot]
[www.enableds.com/products/slidebox/left-sidebar/fonts/fontawesome-webfonte0a5.woff2]
[www.enableds.com/products/slidebox/left-sidebar/fonts/fontawesome-webfonte0a5.woff]
[www.enableds.com/products/slidebox/left-sidebar/fonts/fontawesome-webfonte0a5.ttf]
[www.enableds.com/products/slidebox/left-sidebar/styles/font-awesome.css]
[www.enableds.com/products/slidebox/left-sidebar/styles/animate.css]
[www.enableds.com/products/slidebox/left-sidebar/features-type.html]
[www.enableds.com/products/slidebox/left-sidebar/features-jquery.html]
[www.enableds.com/products/slidebox/left-sidebar/images/detector/android.png]
[www.enableds.com/products/slidebox/left-sidebar/images/detector/appstore.png]
[www.enableds.com/products/slidebox/left-sidebar/features-others.html]
[www.enableds.com/products/slidebox/left-sidebar/portfolio-adaptive.html]
[www.enableds.com/products/slidebox/left-sidebar/portfolio-one.html]
[www.enableds.com/products/slidebox/left-sidebar/portfolio-two.html]
[www.enableds.com/products/slidebox/left-sidebar/images/pictures/7.jpg]
[www.enableds.com/products/slidebox/left-sidebar/images/pictures/7s.jpg]
[www.enableds.com/products/slidebox/left-sidebar/images/pictures/8.jpg]
[www.enableds.com/products/slidebox/left-sidebar/images/pictures/8s.jpg]
[www.enableds.com/products/slidebox/left-sidebar/gallery-square.html]
[www.enableds.com/products/slidebox/left-sidebar/gallery-round.html]
[www.enableds.com/products/slidebox/left-sidebar/images/pictures/1ww.jpg]
[www.enableds.com/products/slidebox/left-sidebar/images/pictures/3ww.jpg]
[www.enableds.com/products/slidebox/left-sidebar/images/pictures/4ww.jpg]
[www.enableds.com/products/slidebox/left-sidebar/images/pictures/5ww.jpg]
[www.enableds.com/products/slidebox/left-sidebar/images/pictures/6ww.jpg]
[www.enableds.com/products/slidebox/left-sidebar/gallery-wide.html]
[www.enableds.com/products/slidebox/left-sidebar/page-error.html]
[www.enableds.com/products/slidebox/left-sidebar/page-soon.html]
[www.enableds.com/products/slidebox/left-sidebar/page-updates.html]
[www.enableds.com/products/slidebox/left-sidebar/page-timeline.html]
[www.enableds.com/products/slidebox/left-sidebar/index2.html]
[www.enableds.com/products/slidebox/left-sidebar/pageapp-toggles.html]
[www.enableds.com/products/slidebox/left-sidebar/pageapp-login.html]
[www.enableds.com/products/slidebox/left-sidebar/pageapp-sigin.html]
[www.enableds.com/products/slidebox/left-sidebar/pageapp-coverpage.html]
[www.enableds.com/products/slidebox/left-sidebar/pageapp-userlist.html]
[www.enableds.com/products/slidebox/left-sidebar/pageapp-calendar.html]
[www.enableds.com/products/slidebox/left-sidebar/pageapp-activity.html]
[www.enableds.com/products/slidebox/left-sidebar/pageapp-bubbles.html]
[www.enableds.com/products/slidebox/left-sidebar/images/pictures/3w.jpg]
[www.enableds.com/products/slidebox/left-sidebar/pageapp-shareboxes.html]
[www.enableds.com/products/slidebox/left-sidebar/page-video.html]
[www.enableds.com/products/slidebox/left-sidebar/page-blog.html]
[www.enableds.com/products/slidebox/left-sidebar/contact.html]
[enableds.com/products/slidebox/left-sidebar/images/ui/next.html]
[enableds.com/products/slidebox/left-sidebar/images/ui/prev.html]
[enableds.com/products/slidebox/left-sidebar/styles/AjaxLoader.html]
[enableds.com/products/slidebox/left-sidebar/images/misc/arrow-right.html]
[enableds.com/products/slidebox/left-sidebar/images/misc/arrow-left.html]
[www.enableds.com/products/slidebox/left-sidebar/fonts/fontawesome-webfonte0a5.svg]
[www.enableds.com/products/slidebox/left-sidebar/pageapp-toggles.html]
